// Jest Snapshot v1, https://goo.gl/fbAQLP

exports[`CollectionSmall should match the snapShot 1`] = `
ShallowWrapper {
  Symbol(enzyme.__root__): [Circular],
  Symbol(enzyme.__unrendered__): <CollectionSmall
    collection={
        Object {
            "category": "string",
            "description": "string",
            "id": "int",
            "image": "string",
            "title": "string",
            "uid": "string",
          }
    }
    history={
        Object {
            "goBack": [Function],
            "location": "location",
            "push": [Function],
          }
    }
    setCollection={[Function]}
/>,
  Symbol(enzyme.__renderer__): Object {
    "batchedUpdates": [Function],
    "getNode": [Function],
    "render": [Function],
    "simulateError": [Function],
    "simulateEvent": [Function],
    "unmount": [Function],
  },
  Symbol(enzyme.__node__): Object {
    "instance": null,
    "key": undefined,
    "nodeType": "host",
    "props": Object {
      "children": <div
        className="collection-small"
>
        <img
                className="collection-small-image"
                src="https://collecshare.herokuapp.com/string"
        />
        <div
                className="collection-small-top"
        >
                <div
                        className="collection-small-header"
                >
                        <div>
                                <h3
                                        className="collection-small-title"
                                >
                                        string
                                </h3>
                                <div
                                        className="collection-small-category"
                                >
                                        CATEGORY: 
                                        <span
                                                className="collection-small-category-span"
                                        >
                                                string
                                        </span>
                                </div>
                        </div>
                        <div
                                className="user-link collection-small-user-display "
                                onClick={[Function]}
                        >
                                <div>
                                        <p
                                                className="user-link collection-small-username"
                                        />
                                        <p
                                                className="user-link collection-small-location"
                                        >
                                                earth
                                        </p>
                                </div>
                                <span>
                                        <img
                                                className="user-link collection-small-avatar"
                                                src="https://collecshare.herokuapp.com/undefined"
                                        />
                                </span>
                        </div>
                </div>
                <p
                        className="collection-small-description"
                >
                        string
                </p>
        </div>
</div>,
      "onClick": [Function],
    },
    "ref": null,
    "rendered": Object {
      "instance": null,
      "key": undefined,
      "nodeType": "host",
      "props": Object {
        "children": Array [
          <img
            className="collection-small-image"
            src="https://collecshare.herokuapp.com/string"
/>,
          <div
            className="collection-small-top"
>
            <div
                        className="collection-small-header"
            >
                        <div>
                                    <h3
                                                className="collection-small-title"
                                    >
                                                string
                                    </h3>
                                    <div
                                                className="collection-small-category"
                                    >
                                                CATEGORY: 
                                                <span
                                                            className="collection-small-category-span"
                                                >
                                                            string
                                                </span>
                                    </div>
                        </div>
                        <div
                                    className="user-link collection-small-user-display "
                                    onClick={[Function]}
                        >
                                    <div>
                                                <p
                                                            className="user-link collection-small-username"
                                                />
                                                <p
                                                            className="user-link collection-small-location"
                                                >
                                                            earth
                                                </p>
                                    </div>
                                    <span>
                                                <img
                                                            className="user-link collection-small-avatar"
                                                            src="https://collecshare.herokuapp.com/undefined"
                                                />
                                    </span>
                        </div>
            </div>
            <p
                        className="collection-small-description"
            >
                        string
            </p>
</div>,
        ],
        "className": "collection-small",
      },
      "ref": null,
      "rendered": Array [
        Object {
          "instance": null,
          "key": undefined,
          "nodeType": "host",
          "props": Object {
            "className": "collection-small-image",
            "src": "https://collecshare.herokuapp.com/string",
          },
          "ref": null,
          "rendered": null,
          "type": "img",
        },
        Object {
          "instance": null,
          "key": undefined,
          "nodeType": "host",
          "props": Object {
            "children": Array [
              <div
                className="collection-small-header"
>
                <div>
                                <h3
                                                className="collection-small-title"
                                >
                                                string
                                </h3>
                                <div
                                                className="collection-small-category"
                                >
                                                CATEGORY: 
                                                <span
                                                                className="collection-small-category-span"
                                                >
                                                                string
                                                </span>
                                </div>
                </div>
                <div
                                className="user-link collection-small-user-display "
                                onClick={[Function]}
                >
                                <div>
                                                <p
                                                                className="user-link collection-small-username"
                                                />
                                                <p
                                                                className="user-link collection-small-location"
                                                >
                                                                earth
                                                </p>
                                </div>
                                <span>
                                                <img
                                                                className="user-link collection-small-avatar"
                                                                src="https://collecshare.herokuapp.com/undefined"
                                                />
                                </span>
                </div>
</div>,
              <p
                className="collection-small-description"
>
                string
</p>,
            ],
            "className": "collection-small-top",
          },
          "ref": null,
          "rendered": Array [
            Object {
              "instance": null,
              "key": undefined,
              "nodeType": "host",
              "props": Object {
                "children": Array [
                  <div>
                    <h3
                                        className="collection-small-title"
                    >
                                        string
                    </h3>
                    <div
                                        className="collection-small-category"
                    >
                                        CATEGORY: 
                                        <span
                                                            className="collection-small-category-span"
                                        >
                                                            string
                                        </span>
                    </div>
</div>,
                  <div
                    className="user-link collection-small-user-display "
                    onClick={[Function]}
>
                    <div>
                                        <p
                                                            className="user-link collection-small-username"
                                        />
                                        <p
                                                            className="user-link collection-small-location"
                                        >
                                                            earth
                                        </p>
                    </div>
                    <span>
                                        <img
                                                            className="user-link collection-small-avatar"
                                                            src="https://collecshare.herokuapp.com/undefined"
                                        />
                    </span>
</div>,
                ],
                "className": "collection-small-header",
              },
              "ref": null,
              "rendered": Array [
                Object {
                  "instance": null,
                  "key": undefined,
                  "nodeType": "host",
                  "props": Object {
                    "children": Array [
                      <h3
                        className="collection-small-title"
>
                        string
</h3>,
                      <div
                        className="collection-small-category"
>
                        CATEGORY: 
                        <span
                                                className="collection-small-category-span"
                        >
                                                string
                        </span>
</div>,
                    ],
                  },
                  "ref": null,
                  "rendered": Array [
                    Object {
                      "instance": null,
                      "key": undefined,
                      "nodeType": "host",
                      "props": Object {
                        "children": "string",
                        "className": "collection-small-title",
                      },
                      "ref": null,
                      "rendered": "string",
                      "type": "h3",
                    },
                    Object {
                      "instance": null,
                      "key": undefined,
                      "nodeType": "host",
                      "props": Object {
                        "children": Array [
                          "CATEGORY: ",
                          <span
                            className="collection-small-category-span"
>
                            string
</span>,
                        ],
                        "className": "collection-small-category",
                      },
                      "ref": null,
                      "rendered": Array [
                        "CATEGORY: ",
                        Object {
                          "instance": null,
                          "key": undefined,
                          "nodeType": "host",
                          "props": Object {
                            "children": "string",
                            "className": "collection-small-category-span",
                          },
                          "ref": null,
                          "rendered": "string",
                          "type": "span",
                        },
                      ],
                      "type": "div",
                    },
                  ],
                  "type": "div",
                },
                Object {
                  "instance": null,
                  "key": undefined,
                  "nodeType": "host",
                  "props": Object {
                    "children": Array [
                      <div>
                        <p
                                                className="user-link collection-small-username"
                        />
                        <p
                                                className="user-link collection-small-location"
                        >
                                                earth
                        </p>
</div>,
                      <span>
                        <img
                                                className="user-link collection-small-avatar"
                                                src="https://collecshare.herokuapp.com/undefined"
                        />
</span>,
                    ],
                    "className": "user-link collection-small-user-display ",
                    "onClick": [Function],
                  },
                  "ref": null,
                  "rendered": Array [
                    Object {
                      "instance": null,
                      "key": undefined,
                      "nodeType": "host",
                      "props": Object {
                        "children": Array [
                          <p
                            className="user-link collection-small-username"
/>,
                          <p
                            className="user-link collection-small-location"
>
                            earth
</p>,
                        ],
                      },
                      "ref": null,
                      "rendered": Array [
                        Object {
                          "instance": null,
                          "key": undefined,
                          "nodeType": "host",
                          "props": Object {
                            "children": undefined,
                            "className": "user-link collection-small-username",
                          },
                          "ref": null,
                          "rendered": null,
                          "type": "p",
                        },
                        Object {
                          "instance": null,
                          "key": undefined,
                          "nodeType": "host",
                          "props": Object {
                            "children": "earth",
                            "className": "user-link collection-small-location",
                          },
                          "ref": null,
                          "rendered": "earth",
                          "type": "p",
                        },
                      ],
                      "type": "div",
                    },
                    Object {
                      "instance": null,
                      "key": undefined,
                      "nodeType": "host",
                      "props": Object {
                        "children": <img
                          className="user-link collection-small-avatar"
                          src="https://collecshare.herokuapp.com/undefined"
/>,
                      },
                      "ref": null,
                      "rendered": Object {
                        "instance": null,
                        "key": undefined,
                        "nodeType": "host",
                        "props": Object {
                          "className": "user-link collection-small-avatar",
                          "src": "https://collecshare.herokuapp.com/undefined",
                        },
                        "ref": null,
                        "rendered": null,
                        "type": "img",
                      },
                      "type": "span",
                    },
                  ],
                  "type": "div",
                },
              ],
              "type": "div",
            },
            Object {
              "instance": null,
              "key": undefined,
              "nodeType": "host",
              "props": Object {
                "children": "string",
                "className": "collection-small-description",
              },
              "ref": null,
              "rendered": "string",
              "type": "p",
            },
          ],
          "type": "div",
        },
      ],
      "type": "div",
    },
    "type": "a",
  },
  Symbol(enzyme.__nodes__): Array [
    Object {
      "instance": null,
      "key": undefined,
      "nodeType": "host",
      "props": Object {
        "children": <div
          className="collection-small"
>
          <img
                    className="collection-small-image"
                    src="https://collecshare.herokuapp.com/string"
          />
          <div
                    className="collection-small-top"
          >
                    <div
                              className="collection-small-header"
                    >
                              <div>
                                        <h3
                                                  className="collection-small-title"
                                        >
                                                  string
                                        </h3>
                                        <div
                                                  className="collection-small-category"
                                        >
                                                  CATEGORY: 
                                                  <span
                                                            className="collection-small-category-span"
                                                  >
                                                            string
                                                  </span>
                                        </div>
                              </div>
                              <div
                                        className="user-link collection-small-user-display "
                                        onClick={[Function]}
                              >
                                        <div>
                                                  <p
                                                            className="user-link collection-small-username"
                                                  />
                                                  <p
                                                            className="user-link collection-small-location"
                                                  >
                                                            earth
                                                  </p>
                                        </div>
                                        <span>
                                                  <img
                                                            className="user-link collection-small-avatar"
                                                            src="https://collecshare.herokuapp.com/undefined"
                                                  />
                                        </span>
                              </div>
                    </div>
                    <p
                              className="collection-small-description"
                    >
                              string
                    </p>
          </div>
</div>,
        "onClick": [Function],
      },
      "ref": null,
      "rendered": Object {
        "instance": null,
        "key": undefined,
        "nodeType": "host",
        "props": Object {
          "children": Array [
            <img
              className="collection-small-image"
              src="https://collecshare.herokuapp.com/string"
/>,
            <div
              className="collection-small-top"
>
              <div
                            className="collection-small-header"
              >
                            <div>
                                          <h3
                                                        className="collection-small-title"
                                          >
                                                        string
                                          </h3>
                                          <div
                                                        className="collection-small-category"
                                          >
                                                        CATEGORY: 
                                                        <span
                                                                      className="collection-small-category-span"
                                                        >
                                                                      string
                                                        </span>
                                          </div>
                            </div>
                            <div
                                          className="user-link collection-small-user-display "
                                          onClick={[Function]}
                            >
                                          <div>
                                                        <p
                                                                      className="user-link collection-small-username"
                                                        />
                                                        <p
                                                                      className="user-link collection-small-location"
                                                        >
                                                                      earth
                                                        </p>
                                          </div>
                                          <span>
                                                        <img
                                                                      className="user-link collection-small-avatar"
                                                                      src="https://collecshare.herokuapp.com/undefined"
                                                        />
                                          </span>
                            </div>
              </div>
              <p
                            className="collection-small-description"
              >
                            string
              </p>
</div>,
          ],
          "className": "collection-small",
        },
        "ref": null,
        "rendered": Array [
          Object {
            "instance": null,
            "key": undefined,
            "nodeType": "host",
            "props": Object {
              "className": "collection-small-image",
              "src": "https://collecshare.herokuapp.com/string",
            },
            "ref": null,
            "rendered": null,
            "type": "img",
          },
          Object {
            "instance": null,
            "key": undefined,
            "nodeType": "host",
            "props": Object {
              "children": Array [
                <div
                  className="collection-small-header"
>
                  <div>
                                    <h3
                                                      className="collection-small-title"
                                    >
                                                      string
                                    </h3>
                                    <div
                                                      className="collection-small-category"
                                    >
                                                      CATEGORY: 
                                                      <span
                                                                        className="collection-small-category-span"
                                                      >
                                                                        string
                                                      </span>
                                    </div>
                  </div>
                  <div
                                    className="user-link collection-small-user-display "
                                    onClick={[Function]}
                  >
                                    <div>
                                                      <p
                                                                        className="user-link collection-small-username"
                                                      />
                                                      <p
                                                                        className="user-link collection-small-location"
                                                      >
                                                                        earth
                                                      </p>
                                    </div>
                                    <span>
                                                      <img
                                                                        className="user-link collection-small-avatar"
                                                                        src="https://collecshare.herokuapp.com/undefined"
                                                      />
                                    </span>
                  </div>
</div>,
                <p
                  className="collection-small-description"
>
                  string
</p>,
              ],
              "className": "collection-small-top",
            },
            "ref": null,
            "rendered": Array [
              Object {
                "instance": null,
                "key": undefined,
                "nodeType": "host",
                "props": Object {
                  "children": Array [
                    <div>
                      <h3
                                            className="collection-small-title"
                      >
                                            string
                      </h3>
                      <div
                                            className="collection-small-category"
                      >
                                            CATEGORY: 
                                            <span
                                                                  className="collection-small-category-span"
                                            >
                                                                  string
                                            </span>
                      </div>
</div>,
                    <div
                      className="user-link collection-small-user-display "
                      onClick={[Function]}
>
                      <div>
                                            <p
                                                                  className="user-link collection-small-username"
                                            />
                                            <p
                                                                  className="user-link collection-small-location"
                                            >
                                                                  earth
                                            </p>
                      </div>
                      <span>
                                            <img
                                                                  className="user-link collection-small-avatar"
                                                                  src="https://collecshare.herokuapp.com/undefined"
                                            />
                      </span>
</div>,
                  ],
                  "className": "collection-small-header",
                },
                "ref": null,
                "rendered": Array [
                  Object {
                    "instance": null,
                    "key": undefined,
                    "nodeType": "host",
                    "props": Object {
                      "children": Array [
                        <h3
                          className="collection-small-title"
>
                          string
</h3>,
                        <div
                          className="collection-small-category"
>
                          CATEGORY: 
                          <span
                                                    className="collection-small-category-span"
                          >
                                                    string
                          </span>
</div>,
                      ],
                    },
                    "ref": null,
                    "rendered": Array [
                      Object {
                        "instance": null,
                        "key": undefined,
                        "nodeType": "host",
                        "props": Object {
                          "children": "string",
                          "className": "collection-small-title",
                        },
                        "ref": null,
                        "rendered": "string",
                        "type": "h3",
                      },
                      Object {
                        "instance": null,
                        "key": undefined,
                        "nodeType": "host",
                        "props": Object {
                          "children": Array [
                            "CATEGORY: ",
                            <span
                              className="collection-small-category-span"
>
                              string
</span>,
                          ],
                          "className": "collection-small-category",
                        },
                        "ref": null,
                        "rendered": Array [
                          "CATEGORY: ",
                          Object {
                            "instance": null,
                            "key": undefined,
                            "nodeType": "host",
                            "props": Object {
                              "children": "string",
                              "className": "collection-small-category-span",
                            },
                            "ref": null,
                            "rendered": "string",
                            "type": "span",
                          },
                        ],
                        "type": "div",
                      },
                    ],
                    "type": "div",
                  },
                  Object {
                    "instance": null,
                    "key": undefined,
                    "nodeType": "host",
                    "props": Object {
                      "children": Array [
                        <div>
                          <p
                                                    className="user-link collection-small-username"
                          />
                          <p
                                                    className="user-link collection-small-location"
                          >
                                                    earth
                          </p>
</div>,
                        <span>
                          <img
                                                    className="user-link collection-small-avatar"
                                                    src="https://collecshare.herokuapp.com/undefined"
                          />
</span>,
                      ],
                      "className": "user-link collection-small-user-display ",
                      "onClick": [Function],
                    },
                    "ref": null,
                    "rendered": Array [
                      Object {
                        "instance": null,
                        "key": undefined,
                        "nodeType": "host",
                        "props": Object {
                          "children": Array [
                            <p
                              className="user-link collection-small-username"
/>,
                            <p
                              className="user-link collection-small-location"
>
                              earth
</p>,
                          ],
                        },
                        "ref": null,
                        "rendered": Array [
                          Object {
                            "instance": null,
                            "key": undefined,
                            "nodeType": "host",
                            "props": Object {
                              "children": undefined,
                              "className": "user-link collection-small-username",
                            },
                            "ref": null,
                            "rendered": null,
                            "type": "p",
                          },
                          Object {
                            "instance": null,
                            "key": undefined,
                            "nodeType": "host",
                            "props": Object {
                              "children": "earth",
                              "className": "user-link collection-small-location",
                            },
                            "ref": null,
                            "rendered": "earth",
                            "type": "p",
                          },
                        ],
                        "type": "div",
                      },
                      Object {
                        "instance": null,
                        "key": undefined,
                        "nodeType": "host",
                        "props": Object {
                          "children": <img
                            className="user-link collection-small-avatar"
                            src="https://collecshare.herokuapp.com/undefined"
/>,
                        },
                        "ref": null,
                        "rendered": Object {
                          "instance": null,
                          "key": undefined,
                          "nodeType": "host",
                          "props": Object {
                            "className": "user-link collection-small-avatar",
                            "src": "https://collecshare.herokuapp.com/undefined",
                          },
                          "ref": null,
                          "rendered": null,
                          "type": "img",
                        },
                        "type": "span",
                      },
                    ],
                    "type": "div",
                  },
                ],
                "type": "div",
              },
              Object {
                "instance": null,
                "key": undefined,
                "nodeType": "host",
                "props": Object {
                  "children": "string",
                  "className": "collection-small-description",
                },
                "ref": null,
                "rendered": "string",
                "type": "p",
              },
            ],
            "type": "div",
          },
        ],
        "type": "div",
      },
      "type": "a",
    },
  ],
  Symbol(enzyme.__options__): Object {
    "adapter": ReactSixteenAdapter {
      "options": Object {
        "enableComponentDidUpdateOnSetState": true,
        "lifecycles": Object {
          "componentDidUpdate": Object {
            "onSetState": true,
          },
          "getDerivedStateFromProps": true,
          "getSnapshotBeforeUpdate": true,
          "setState": Object {
            "skipsComponentDidUpdateOnNullish": true,
          },
        },
      },
    },
    "attachTo": undefined,
    "hydrateIn": undefined,
  },
}
`;
