// Jest Snapshot v1, https://goo.gl/fbAQLP

exports[`CollectionsContainer should match the snapShot 1`] = `
ShallowWrapper {
  Symbol(enzyme.__root__): [Circular],
  Symbol(enzyme.__unrendered__): <CollectionsContainer />,
  Symbol(enzyme.__renderer__): Object {
    "batchedUpdates": [Function],
    "getNode": [Function],
    "render": [Function],
    "simulateError": [Function],
    "simulateEvent": [Function],
    "unmount": [Function],
  },
  Symbol(enzyme.__node__): Object {
    "instance": null,
    "key": undefined,
    "nodeType": "host",
    "props": Object {
      "children": Array [
        <div
          className="collections-container-bg"
          style={
                    Object {
                              "backgroundImage": "url(collection-focus-magnifier-248993.jpg)",
                            }
          }
/>,
        <div
          className="collections-container"
>
          <h1
                    className="collections-category-name"
          >
                    all
                    .
          </h1>
          <div
                    className="collections-cat-btn-container"
          >
                    <button
                              className="collections-container-cat-btn"
                              name="comics"
                              onClick={[Function]}
                    >
                              comics
                    </button>
                    <button
                              className="collections-container-cat-btn"
                              name="cards"
                              onClick={[Function]}
                    >
                              cards
                    </button>
                    <button
                              className="collections-container-cat-btn"
                              name="coins"
                              onClick={[Function]}
                    >
                              coins
                    </button>
                    <button
                              className="collections-container-cat-btn"
                              name="vinyl"
                              onClick={[Function]}
                    >
                              vinyl
                    </button>
                    <button
                              className="collections-container-cat-btn"
                              name="other"
                              onClick={[Function]}
                    >
                              other
                    </button>
          </div>
          <withRouter(Connect(CollectionSmall))
                    collection={
                              Object {
                                        "category": "string",
                                        "description": "string",
                                        "id": 666,
                                        "image": "string",
                                        "title": "string",
                                        "uid": "string",
                                      }
                    }
          />
</div>,
      ],
    },
    "ref": null,
    "rendered": Array [
      Object {
        "instance": null,
        "key": undefined,
        "nodeType": "host",
        "props": Object {
          "className": "collections-container-bg",
          "style": Object {
            "backgroundImage": "url(collection-focus-magnifier-248993.jpg)",
          },
        },
        "ref": null,
        "rendered": null,
        "type": "div",
      },
      Object {
        "instance": null,
        "key": undefined,
        "nodeType": "host",
        "props": Object {
          "children": Array [
            <h1
              className="collections-category-name"
>
              all
              .
</h1>,
            <div
              className="collections-cat-btn-container"
>
              <button
                            className="collections-container-cat-btn"
                            name="comics"
                            onClick={[Function]}
              >
                            comics
              </button>
              <button
                            className="collections-container-cat-btn"
                            name="cards"
                            onClick={[Function]}
              >
                            cards
              </button>
              <button
                            className="collections-container-cat-btn"
                            name="coins"
                            onClick={[Function]}
              >
                            coins
              </button>
              <button
                            className="collections-container-cat-btn"
                            name="vinyl"
                            onClick={[Function]}
              >
                            vinyl
              </button>
              <button
                            className="collections-container-cat-btn"
                            name="other"
                            onClick={[Function]}
              >
                            other
              </button>
</div>,
            Array [
              <withRouter(Connect(CollectionSmall))
                collection={
                                Object {
                                                "category": "string",
                                                "description": "string",
                                                "id": 666,
                                                "image": "string",
                                                "title": "string",
                                                "uid": "string",
                                              }
                }
/>,
            ],
          ],
          "className": "collections-container",
        },
        "ref": null,
        "rendered": Array [
          Object {
            "instance": null,
            "key": undefined,
            "nodeType": "host",
            "props": Object {
              "children": Array [
                "all",
                ".",
              ],
              "className": "collections-category-name",
            },
            "ref": null,
            "rendered": Array [
              "all",
              ".",
            ],
            "type": "h1",
          },
          Object {
            "instance": null,
            "key": undefined,
            "nodeType": "host",
            "props": Object {
              "children": Array [
                <button
                  className="collections-container-cat-btn"
                  name="comics"
                  onClick={[Function]}
>
                  comics
</button>,
                <button
                  className="collections-container-cat-btn"
                  name="cards"
                  onClick={[Function]}
>
                  cards
</button>,
                <button
                  className="collections-container-cat-btn"
                  name="coins"
                  onClick={[Function]}
>
                  coins
</button>,
                <button
                  className="collections-container-cat-btn"
                  name="vinyl"
                  onClick={[Function]}
>
                  vinyl
</button>,
                <button
                  className="collections-container-cat-btn"
                  name="other"
                  onClick={[Function]}
>
                  other
</button>,
              ],
              "className": "collections-cat-btn-container",
            },
            "ref": null,
            "rendered": Array [
              Object {
                "instance": null,
                "key": undefined,
                "nodeType": "host",
                "props": Object {
                  "children": "comics",
                  "className": "collections-container-cat-btn",
                  "name": "comics",
                  "onClick": [Function],
                },
                "ref": null,
                "rendered": "comics",
                "type": "button",
              },
              Object {
                "instance": null,
                "key": undefined,
                "nodeType": "host",
                "props": Object {
                  "children": "cards",
                  "className": "collections-container-cat-btn",
                  "name": "cards",
                  "onClick": [Function],
                },
                "ref": null,
                "rendered": "cards",
                "type": "button",
              },
              Object {
                "instance": null,
                "key": undefined,
                "nodeType": "host",
                "props": Object {
                  "children": "coins",
                  "className": "collections-container-cat-btn",
                  "name": "coins",
                  "onClick": [Function],
                },
                "ref": null,
                "rendered": "coins",
                "type": "button",
              },
              Object {
                "instance": null,
                "key": undefined,
                "nodeType": "host",
                "props": Object {
                  "children": "vinyl",
                  "className": "collections-container-cat-btn",
                  "name": "vinyl",
                  "onClick": [Function],
                },
                "ref": null,
                "rendered": "vinyl",
                "type": "button",
              },
              Object {
                "instance": null,
                "key": undefined,
                "nodeType": "host",
                "props": Object {
                  "children": "other",
                  "className": "collections-container-cat-btn",
                  "name": "other",
                  "onClick": [Function],
                },
                "ref": null,
                "rendered": "other",
                "type": "button",
              },
            ],
            "type": "div",
          },
          Object {
            "instance": null,
            "key": undefined,
            "nodeType": "function",
            "props": Object {
              "collection": Object {
                "category": "string",
                "description": "string",
                "id": 666,
                "image": "string",
                "title": "string",
                "uid": "string",
              },
            },
            "ref": null,
            "rendered": null,
            "type": [Function],
          },
        ],
        "type": "div",
      },
    ],
    "type": "div",
  },
  Symbol(enzyme.__nodes__): Array [
    Object {
      "instance": null,
      "key": undefined,
      "nodeType": "host",
      "props": Object {
        "children": Array [
          <div
            className="collections-container-bg"
            style={
                        Object {
                                    "backgroundImage": "url(collection-focus-magnifier-248993.jpg)",
                                  }
            }
/>,
          <div
            className="collections-container"
>
            <h1
                        className="collections-category-name"
            >
                        all
                        .
            </h1>
            <div
                        className="collections-cat-btn-container"
            >
                        <button
                                    className="collections-container-cat-btn"
                                    name="comics"
                                    onClick={[Function]}
                        >
                                    comics
                        </button>
                        <button
                                    className="collections-container-cat-btn"
                                    name="cards"
                                    onClick={[Function]}
                        >
                                    cards
                        </button>
                        <button
                                    className="collections-container-cat-btn"
                                    name="coins"
                                    onClick={[Function]}
                        >
                                    coins
                        </button>
                        <button
                                    className="collections-container-cat-btn"
                                    name="vinyl"
                                    onClick={[Function]}
                        >
                                    vinyl
                        </button>
                        <button
                                    className="collections-container-cat-btn"
                                    name="other"
                                    onClick={[Function]}
                        >
                                    other
                        </button>
            </div>
            <withRouter(Connect(CollectionSmall))
                        collection={
                                    Object {
                                                "category": "string",
                                                "description": "string",
                                                "id": 666,
                                                "image": "string",
                                                "title": "string",
                                                "uid": "string",
                                              }
                        }
            />
</div>,
        ],
      },
      "ref": null,
      "rendered": Array [
        Object {
          "instance": null,
          "key": undefined,
          "nodeType": "host",
          "props": Object {
            "className": "collections-container-bg",
            "style": Object {
              "backgroundImage": "url(collection-focus-magnifier-248993.jpg)",
            },
          },
          "ref": null,
          "rendered": null,
          "type": "div",
        },
        Object {
          "instance": null,
          "key": undefined,
          "nodeType": "host",
          "props": Object {
            "children": Array [
              <h1
                className="collections-category-name"
>
                all
                .
</h1>,
              <div
                className="collections-cat-btn-container"
>
                <button
                                className="collections-container-cat-btn"
                                name="comics"
                                onClick={[Function]}
                >
                                comics
                </button>
                <button
                                className="collections-container-cat-btn"
                                name="cards"
                                onClick={[Function]}
                >
                                cards
                </button>
                <button
                                className="collections-container-cat-btn"
                                name="coins"
                                onClick={[Function]}
                >
                                coins
                </button>
                <button
                                className="collections-container-cat-btn"
                                name="vinyl"
                                onClick={[Function]}
                >
                                vinyl
                </button>
                <button
                                className="collections-container-cat-btn"
                                name="other"
                                onClick={[Function]}
                >
                                other
                </button>
</div>,
              Array [
                <withRouter(Connect(CollectionSmall))
                  collection={
                                    Object {
                                                      "category": "string",
                                                      "description": "string",
                                                      "id": 666,
                                                      "image": "string",
                                                      "title": "string",
                                                      "uid": "string",
                                                    }
                  }
/>,
              ],
            ],
            "className": "collections-container",
          },
          "ref": null,
          "rendered": Array [
            Object {
              "instance": null,
              "key": undefined,
              "nodeType": "host",
              "props": Object {
                "children": Array [
                  "all",
                  ".",
                ],
                "className": "collections-category-name",
              },
              "ref": null,
              "rendered": Array [
                "all",
                ".",
              ],
              "type": "h1",
            },
            Object {
              "instance": null,
              "key": undefined,
              "nodeType": "host",
              "props": Object {
                "children": Array [
                  <button
                    className="collections-container-cat-btn"
                    name="comics"
                    onClick={[Function]}
>
                    comics
</button>,
                  <button
                    className="collections-container-cat-btn"
                    name="cards"
                    onClick={[Function]}
>
                    cards
</button>,
                  <button
                    className="collections-container-cat-btn"
                    name="coins"
                    onClick={[Function]}
>
                    coins
</button>,
                  <button
                    className="collections-container-cat-btn"
                    name="vinyl"
                    onClick={[Function]}
>
                    vinyl
</button>,
                  <button
                    className="collections-container-cat-btn"
                    name="other"
                    onClick={[Function]}
>
                    other
</button>,
                ],
                "className": "collections-cat-btn-container",
              },
              "ref": null,
              "rendered": Array [
                Object {
                  "instance": null,
                  "key": undefined,
                  "nodeType": "host",
                  "props": Object {
                    "children": "comics",
                    "className": "collections-container-cat-btn",
                    "name": "comics",
                    "onClick": [Function],
                  },
                  "ref": null,
                  "rendered": "comics",
                  "type": "button",
                },
                Object {
                  "instance": null,
                  "key": undefined,
                  "nodeType": "host",
                  "props": Object {
                    "children": "cards",
                    "className": "collections-container-cat-btn",
                    "name": "cards",
                    "onClick": [Function],
                  },
                  "ref": null,
                  "rendered": "cards",
                  "type": "button",
                },
                Object {
                  "instance": null,
                  "key": undefined,
                  "nodeType": "host",
                  "props": Object {
                    "children": "coins",
                    "className": "collections-container-cat-btn",
                    "name": "coins",
                    "onClick": [Function],
                  },
                  "ref": null,
                  "rendered": "coins",
                  "type": "button",
                },
                Object {
                  "instance": null,
                  "key": undefined,
                  "nodeType": "host",
                  "props": Object {
                    "children": "vinyl",
                    "className": "collections-container-cat-btn",
                    "name": "vinyl",
                    "onClick": [Function],
                  },
                  "ref": null,
                  "rendered": "vinyl",
                  "type": "button",
                },
                Object {
                  "instance": null,
                  "key": undefined,
                  "nodeType": "host",
                  "props": Object {
                    "children": "other",
                    "className": "collections-container-cat-btn",
                    "name": "other",
                    "onClick": [Function],
                  },
                  "ref": null,
                  "rendered": "other",
                  "type": "button",
                },
              ],
              "type": "div",
            },
            Object {
              "instance": null,
              "key": undefined,
              "nodeType": "function",
              "props": Object {
                "collection": Object {
                  "category": "string",
                  "description": "string",
                  "id": 666,
                  "image": "string",
                  "title": "string",
                  "uid": "string",
                },
              },
              "ref": null,
              "rendered": null,
              "type": [Function],
            },
          ],
          "type": "div",
        },
      ],
      "type": "div",
    },
  ],
  Symbol(enzyme.__options__): Object {
    "adapter": ReactSixteenAdapter {
      "options": Object {
        "enableComponentDidUpdateOnSetState": true,
        "lifecycles": Object {
          "componentDidUpdate": Object {
            "onSetState": true,
          },
          "getDerivedStateFromProps": true,
          "getSnapshotBeforeUpdate": true,
          "setState": Object {
            "skipsComponentDidUpdateOnNullish": true,
          },
        },
      },
    },
    "attachTo": undefined,
    "hydrateIn": undefined,
  },
}
`;
